MariaDB [(none)]> use agendameeting;
Database changed
MariaDB [agendameeting]> show tables;
+-------------------------+
| Tables_in_agendameeting |
+-------------------------+
| divisi                  |
| meeting                 |
| ruangan                 |
| user                    |
| waktu                   |
+-------------------------+
5 rows in set (0.001 sec)

MariaDB [agendameeting]> ALTER TABLE meeting
    -> ADD CONSTRAINT fk_meeting_divisi
    -> FOREIGN KEY (id_divisi)
    -> REFERENCES divisi (id_divisi);
Query OK, 0 rows affected (0.079 sec)
Records: 0  Duplicates: 0  Warnings: 0

MariaDB [agendameeting]> ALTER TABLE meeting
    -> ADD CONSTRAINT fk_meeting_ruangan
    -> FOREIGN KEY (id_ruangan)
    -> REFERENCES ruangan (id_ruangan);
Query OK, 0 rows affected (0.079 sec)
Records: 0  Duplicates: 0  Warnings: 0

MariaDB [agendameeting]> ALTER TABLE meeting
    -> ADD CONSTRAINT fk_meeting_user
    -> FOREIGN KEY (id_user)
    -> REFERENCES user (id_user);
ERROR 1005 (HY000): Can't create table `agendameeting`.`meeting` (errno: 150 "Foreign key constraint is incorrectly formed")
MariaDB [agendameeting]> ALTER TABLE meeting
    -> ADD CONSTRAINT fk_meeting_waktu
    -> FOREIGN KEY (id_waktu)
    -> REFERENCES waktu (id_waktu);
Query OK, 0 rows affected (0.080 sec)
Records: 0  Duplicates: 0  Warnings: 0

MariaDB [agendameeting]> select * from user;
Empty set (0.007 sec)

MariaDB [agendameeting]> SHOW CREATE TABLE meeting;
+---------+----------------------------------------------------------------------------------------------------------------------------------------------------------------------------------------------------------------------------------------------------------------------------------------------------------------------------------------------------------------------------------------------------------------------------------------------------------------------------------------------------------------------------------------------------------------------------------------------------------------------------------------------------------------------------------------------------------------------------------------------------------------------------------------------------------------------------------------------------------------------------------------------------+
| Table   | Create Table






                                       |
+---------+----------------------------------------------------------------------------------------------------------------------------------------------------------------------------------------------------------------------------------------------------------------------------------------------------------------------------------------------------------------------------------------------------------------------------------------------------------------------------------------------------------------------------------------------------------------------------------------------------------------------------------------------------------------------------------------------------------------------------------------------------------------------------------------------------------------------------------------------------------------------------------------------------+
| meeting | CREATE TABLE `meeting` (
  `id_agenda` varchar(200) NOT NULL,
  `no_agenda` int(50) NOT NULL,
  `nama_kegitan` varchar(200) DEFAULT NULL,
  `id_user` varchar(200) NOT NULL,
  `id_divisi` varchar(200) NOT NULL,
  `id_ruangan` varchar(200) NOT NULL,
  `id_waktu` varchar(200) NOT NULL,
  PRIMARY KEY (`id_agenda`),
  UNIQUE KEY `id_user` (`id_user`,`id_divisi`,`id_ruangan`,`id_waktu`) USING HASH,
  KEY `fk_meeting_divisi` (`id_divisi`),
  KEY `fk_meeting_ruangan` (`id_ruangan`),
  KEY `fk_meeting_waktu` (`id_waktu`),
  CONSTRAINT `fk_meeting_divisi` FOREIGN KEY (`id_divisi`) REFERENCES `divisi` (`id_divisi`),
  CONSTRAINT `fk_meeting_ruangan` FOREIGN KEY (`id_ruangan`) REFERENCES `ruangan` (`id_ruangan`),
  CONSTRAINT `fk_meeting_waktu` FOREIGN KEY (`id_waktu`) REFERENCES `waktu` (`id_waktu`)
) ENGINE=InnoDB DEFAULT CHARSET=utf8mb4 COLLATE=utf8mb4_general_ci |
+---------+----------------------------------------------------------------------------------------------------------------------------------------------------------------------------------------------------------------------------------------------------------------------------------------------------------------------------------------------------------------------------------------------------------------------------------------------------------------------------------------------------------------------------------------------------------------------------------------------------------------------------------------------------------------------------------------------------------------------------------------------------------------------------------------------------------------------------------------------------------------------------------------------------+
1 row in set (0.002 sec)

MariaDB [agendameeting]> SHOW CREATE TABLE user;
+-------+-----------------------------------------------------------------------------------------------------------------------------------------------------------------------------------------------------------------------------------------+
| Table | Create Table

  |
+-------+-----------------------------------------------------------------------------------------------------------------------------------------------------------------------------------------------------------------------------------------+
| user  | CREATE TABLE `user` (
  `id_user` varchar(200) NOT NULL,
  `username` varchar(200) DEFAULT NULL,
  `email_user` varchar(200) DEFAULT NULL,
  PRIMARY KEY (`id_user`)
) ENGINE=InnoDB DEFAULT CHARSET=utf8mb4 COLLATE=utf8mb4_general_ci |
+-------+-----------------------------------------------------------------------------------------------------------------------------------------------------------------------------------------------------------------------------------------+
1 row in set (0.000 sec)
                         ALTER TABLE meeting
    -> ADD CONSTRAINT fk_meeting_user
    -> FOREIGN KEY (id_user)
    -> REFERENCES user (id_user);
Query OK, 0 rows affected (0.102 sec)
Records: 0  Duplicates: 0  Warnings: 0

MariaDB [agendameeting]> show create table user;
+-------+-----------------------------------------------------------------------------------------------------------------------------------------------------------------------------------------------------------------------------------------------------------------------------+
| Table | Create Table

                    |
+-------+-----------------------------------------------------------------------------------------------------------------------------------------------------------------------------------------------------------------------------------------------------------------------------+
| user  | CREATE TABLE `user` (
  `id_user` varchar(200) NOT NULL,
  `username` varchar(200) DEFAULT NULL,
  `email_user` varchar(200) DEFAULT NULL,
  PRIMARY KEY (`id_user`),
  UNIQUE KEY `id_user` (`id_user`)
) ENGINE=InnoDB DEFAULT CHARSET=utf8mb4 COLLATE=utf8mb4_general_ci |
+-------+-----------------------------------------------------------------------------------------------------------------------------------------------------------------------------------------------------------------------------------------------------------------------------+
1 row in set (0.000 sec)

MariaDB [agendameeting]> show create table divis;
ERROR 1146 (42S02): Table 'agendameeting.divis' doesn't exist
MariaDB [agendameeting]> show create table divisi;
+--------+-----------------------------------------------------------------------------------------------------------------------------------------------------------------------------------------------------------------------------------------------+
| Table  | Create Table
                                                                                                                        |
+--------+-----------------------------------------------------------------------------------------------------------------------------------------------------------------------------------------------------------------------------------------------+
| divisi | CREATE TABLE `divisi` (
  `id_divisi` varchar(200) NOT NULL,
  `nama_divisi` varchar(50) DEFAULT NULL,
  PRIMARY KEY (`id_divisi`),
  UNIQUE KEY `id_divisi` (`id_divisi`)
) ENGINE=InnoDB DEFAULT CHARSET=utf8mb4 COLLATE=utf8mb4_general_ci |
+--------+-----------------------------------------------------------------------------------------------------------------------------------------------------------------------------------------------------------------------------------------------+
1 row in set (0.000 sec)

MariaDB [agendameeting]> show create table waktu;
+-------+----------------------------------------------------------------------------------------------------------------------------------------------------------------------------------------------------------------------------------------------------------+
| Table | Create Table

 |
+-------+----------------------------------------------------------------------------------------------------------------------------------------------------------------------------------------------------------------------------------------------------------+
| waktu | CREATE TABLE `waktu` (
  `id_waktu` varchar(200) NOT NULL,
  `jam` time DEFAULT NULL,
  `tanggal` date DEFAULT NULL,
  PRIMARY KEY (`id_waktu`),
  UNIQUE KEY `id_waktu` (`id_waktu`)
) ENGINE=InnoDB DEFAULT CHARSET=utf8mb4 COLLATE=utf8mb4_general_ci |
+-------+----------------------------------------------------------------------------------------------------------------------------------------------------------------------------------------------------------------------------------------------------------+
1 row in set (0.000 sec)

MariaDB [agendameeting]> show create table ruangan;
+---------+------------------------------------------------------------------------------------------------------------------------------------------------------------------------------------------------------------------------------------------------------------------------------------+
| Table   | Create Table

                             |
+---------+------------------------------------------------------------------------------------------------------------------------------------------------------------------------------------------------------------------------------------------------------------------------------------+
| ruangan | CREATE TABLE `ruangan` (
  `id_ruangan` varchar(200) NOT NULL,
  `no_ruangan` int(50) DEFAULT NULL,
  `lt_ruangan` int(50) DEFAULT NULL,
  PRIMARY KEY (`id_ruangan`),
  UNIQUE KEY `id_ruangan` (`id_ruangan`)
) ENGINE=InnoDB DEFAULT CHARSET=utf8mb4 COLLATE=utf8mb4_general_ci |
+---------+------------------------------------------------------------------------------------------------------------------------------------------------------------------------------------------------------------------------------------------------------------------------------------+
1 row in set (0.000 sec)

MariaDB [agendameeting]>